
========== 2026-09-02 18:38:55.011317 ==========
Detected OS: Linux
Found SDL2: sdl2-config
SDL CFLAGS: -I/usr/include/SDL2 -D_REENTRANT
SDL LIBS: -lSDL2
Start simulation...
Include directories used: /mnt/d/GitHub/Simple-VGA-Simulator/gui/Example/Example_2_BallMove/RTL
---------------------------------
Step 0: Clean up previously generated files...
Tip: The obj_dir folder does not exist, no need to clean it up
---------------------------------
Step 1: Run Verilator Compiler...

✓ Verilator compilation completed successfully!
---------------------------------
Step 2: Build the simulation executable...
make: Entering directory '/mnt/d/GitHub/Simple-VGA-Simulator/gui/Example/Example_2_BallMove/RTL/sim/obj_dir'
g++ -I/usr/include/SDL2 -D_REENTRANT -I.  -MMD -I/usr/share/verilator/include -I/usr/share/verilator/include/vltstd -DVM_COVERAGE=0 -DVM_SC=0 -DVM_TRACE=0 -faligned-new -fcf-protection=none -Wno-bool-operation -Wno-sign-compare -Wno-uninitialized -Wno-unused-but-set-variable -Wno-unused-parameter -Wno-unused-variable -Wno-shadow     -I/usr/include/SDL2 -D_REENTRANT  -Os -c -o simulator.o ../simulator.cpp
g++ -I/usr/include/SDL2 -D_REENTRANT -I.  -MMD -I/usr/share/verilator/include -I/usr/share/verilator/include/vltstd -DVM_COVERAGE=0 -DVM_SC=0 -DVM_TRACE=0 -faligned-new -fcf-protection=none -Wno-bool-operation -Wno-sign-compare -Wno-uninitialized -Wno-unused-but-set-variable -Wno-unused-parameter -Wno-unused-variable -Wno-shadow     -I/usr/include/SDL2 -D_REENTRANT  -Os -c -o verilated.o /usr/share/verilator/include/verilated.cpp
/usr/bin/perl /usr/share/verilator/bin/verilator_includer -DVL_INCLUDE_OPT=include VDevelopmentBoard.cpp VDevelopmentBoard__Slow.cpp VDevelopmentBoard__Syms.cpp > VDevelopmentBoard__ALL.cpp
g++ -I/usr/include/SDL2 -D_REENTRANT -I.  -MMD -I/usr/share/verilator/include -I/usr/share/verilator/include/vltstd -DVM_COVERAGE=0 -DVM_SC=0 -DVM_TRACE=0 -faligned-new -fcf-protection=none -Wno-bool-operation -Wno-sign-compare -Wno-uninitialized -Wno-unused-but-set-variable -Wno-unused-parameter -Wno-unused-variable -Wno-shadow     -I/usr/include/SDL2 -D_REENTRANT  -Os -c -o VDevelopmentBoard__ALL.o VDevelopmentBoard__ALL.cpp
ar -cr VDevelopmentBoard__ALL.a VDevelopmentBoard__ALL.o
ranlib VDevelopmentBoard__ALL.a
../simulator.cpp: In function ‘void render_sdl()’:
../simulator.cpp:305:34: warning: narrowing conversion of ‘(49 + i)’ from ‘int’ to ‘char’ [-Wnarrowing]
  305 |         char digit_str[2] = {'1' + i, '\0'};
      |                              ~~~~^~~
g++    simulator.o verilated.o VDevelopmentBoard__ALL.a   -lSDL2    -o VDevelopmentBoard
make: Leaving directory '/mnt/d/GitHub/Simple-VGA-Simulator/gui/Example/Example_2_BallMove/RTL/sim/obj_dir'
✓ Simulation executable file built successfully!
---------------------------------
Step 3: Start the simulation...
----------------------------------------
Window surface size: 800x850
[SimThread] Starting simulation loop...
[EventLoop] Dropped 2 events this frame (processed 1/3)
[EventLoop] Dropped 2 events this frame (processed 1/3)
[EventLoop] Dropped 2 events this frame (processed 1/3)
[EventLoop] Dropped 3 events this frame (processed 1/4)
[EventLoop] Dropped 2 events this frame (processed 1/3)
[EventLoop] Dropped 1 events this frame (processed 1/2)
[EventLoop] Dropped 1 events this frame (processed 1/2)
[EventLoop] Dropped 1 events this frame (processed 1/2)
[EventLoop] Dropped 2 events this frame (processed 1/3)
[EventLoop] FPS: 61 | Events: 10 | Dropped: 16 | MaxEvents/Frame: 4 | MaxFrameTime: 6ms
[EventLoop] Dropped 1 events this frame (processed 1/2)
[EventLoop] Dropped 1 events this frame (processed 1/2)
[EventLoop] Dropped 1 events this frame (processed 1/2)
[EventLoop] Dropped 1 events this frame (processed 1/2)
[EventLoop] Dropped 3 events this frame (processed 1/4)
[EventLoop] Dropped 1 events this frame (processed 1/2)
[EventLoop] Dropped 1 events this frame (processed 1/2)
[EventLoop] Dropped 1 events this frame (processed 1/2)
[EventLoop] Dropped 1 events this frame (processed 1/2)
[EventLoop] Dropped 1 events this frame (processed 1/2)
[EventLoop] Dropped 1 events this frame (processed 1/2)
[EventLoop] Dropped 1 events this frame (processed 1/2)
[EventLoop] Dropped 1 events this frame (processed 1/2)
[EventLoop] Dropped 1 events this frame (processed 1/2)
[EventLoop] Dropped 2 events this frame (processed 1/3)
[EventLoop] Dropped 1 events this frame (processed 1/2)
[EventLoop] Dropped 1 events this frame (processed 1/2)
[EventLoop] Dropped 1 events this frame (processed 1/2)
[EventLoop] Dropped 1 events this frame (processed 1/2)
[EventLoop] Dropped 1 events this frame (processed 1/2)
[EventLoop] Dropped 1 events this frame (processed 1/2)
[EventLoop] Dropped 1 events this frame (processed 1/2)
[EventLoop] Dropped 1 events this frame (processed 1/2)
[EventLoop] Dropped 1 events this frame (processed 1/2)
[EventLoop] Dropped 1 events this frame (processed 1/2)
[EventLoop] Dropped 1 events this frame (processed 1/2)
[EventLoop] Dropped 2 events this frame (processed 1/3)
[EventLoop] Dropped 1 events this frame (processed 1/2)
[EventLoop] FPS: 60 | Events: 32 | Dropped: 32 | MaxEvents/Frame: 4 | MaxFrameTime: 3ms
[EventLoop] Dropped 1 events this frame (processed 1/2)
[EventLoop] Dropped 1 events this frame (processed 1/2)
[EventLoop] Dropped 1 events this frame (processed 1/2)
[EventLoop] Dropped 1 events this frame (processed 1/2)
[EventLoop] Dropped 1 events this frame (processed 1/2)
[Input] Button 'B2' pressed
[EventLoop] Dropped 1 events this frame (processed 1/2)
[Input] Button 'B2' released
[EventLoop] Dropped 2 events this frame (processed 1/3)
[VGA] VSync #60 (frame 1s)
[EventLoop] FPS: 60 | Events: 16 | Dropped: 8 | MaxEvents/Frame: 3 | MaxFrameTime: 2ms
[Input] Button 'B2' pressed
[EventLoop] Dropped 1 events this frame (processed 1/2)
[Input] Button 'B2' released
[EventLoop] Dropped 1 events this frame (processed 1/2)
[Input] Button 'B2' pressed
[EventLoop] Dropped 1 events this frame (processed 1/2)
[Input] Button 'B2' released
[EventLoop] Dropped 1 events this frame (processed 1/2)
[Input] Button 'B2' pressed
[EventLoop] Dropped 1 events this frame (processed 1/2)
[Input] Button 'B2' released
[EventLoop] Dropped 1 events this frame (processed 1/2)
[EventLoop] Dropped 2 events this frame (processed 1/3)
[EventLoop] Dropped 1 events this frame (processed 1/2)
[EventLoop] Dropped 1 events this frame (processed 1/2)
[EventLoop] Dropped 1 events this frame (processed 1/2)
[EventLoop] Dropped 1 events this frame (processed 1/2)
[EventLoop] Dropped 1 events this frame (processed 1/2)
[EventLoop] Dropped 2 events this frame (processed 1/3)
[EventLoop] Dropped 1 events this frame (processed 1/2)
[EventLoop] Dropped 2 events this frame (processed 1/3)
[EventLoop] Dropped 1 events this frame (processed 1/2)
[EventLoop] FPS: 60 | Events: 19 | Dropped: 19 | MaxEvents/Frame: 3 | MaxFrameTime: 3ms
[EventLoop] Dropped 1 events this frame (processed 1/2)
[EventLoop] Dropped 1 events this frame (processed 1/2)
[EventLoop] Dropped 1 events this frame (processed 1/2)
[EventLoop] Dropped 1 events this frame (processed 1/2)
[EventLoop] Dropped 1 events this frame (processed 1/2)
[Input] Button 'B3' pressed
[EventLoop] Dropped 1 events this frame (processed 1/2)
[Input] Button 'B3' released
[EventLoop] Dropped 1 events this frame (processed 1/2)
[Input] Button 'B3' pressed
[EventLoop] Dropped 1 events this frame (processed 1/2)
[Input] Button 'B3' released
[EventLoop] Dropped 1 events this frame (processed 1/2)
[Input] Button 'B3' pressed
[EventLoop] Dropped 1 events this frame (processed 1/2)
[Input] Button 'B3' released
[EventLoop] Dropped 1 events this frame (processed 1/2)
[Input] Button 'B3' pressed
[EventLoop] Dropped 1 events this frame (processed 1/2)
[Input] Button 'B3' released
[EventLoop] Dropped 3 events this frame (processed 1/4)
[EventLoop] Dropped 1 events this frame (processed 1/2)
[EventLoop] Dropped 1 events this frame (processed 1/2)
[EventLoop] Dropped 2 events this frame (processed 1/3)
[EventLoop] Dropped 1 events this frame (processed 1/2)
[EventLoop] Dropped 1 events this frame (processed 1/2)
[EventLoop] Dropped 1 events this frame (processed 1/2)
[EventLoop] Dropped 1 events this frame (processed 1/2)
[EventLoop] Dropped 1 events this frame (processed 1/2)
[EventLoop] Dropped 1 events this frame (processed 1/2)
[EventLoop] Dropped 1 events this frame (processed 1/2)
[EventLoop] Dropped 2 events this frame (processed 1/3)
[EventLoop] FPS: 60 | Events: 27 | Dropped: 28 | MaxEvents/Frame: 4 | MaxFrameTime: 3ms
[EventLoop] Dropped 1 events this frame (processed 1/2)
[EventLoop] Dropped 1 events this frame (processed 1/2)
[EventLoop] Dropped 2 events this frame (processed 1/3)
[EventLoop] Dropped 1 events this frame (processed 1/2)
[Input] Button 'B4' pressed
[EventLoop] Dropped 1 events this frame (processed 1/2)
[Input] Button 'B4' released
[EventLoop] Dropped 1 events this frame (processed 1/2)
[Input] Button 'B4' pressed
[EventLoop] Dropped 1 events this frame (processed 1/2)
[EventLoop] Dropped 1 events this frame (processed 1/2)
[EventLoop] Dropped 3 events this frame (processed 1/4)
[Input] Button 'B4' pressed
[EventLoop] Dropped 1 events this frame (processed 1/2)
[Input] Button 'B4' released
[EventLoop] Dropped 1 events this frame (processed 1/2)
[EventLoop] Dropped 1 events this frame (processed 1/2)
[EventLoop] Dropped 1 events this frame (processed 1/2)
[EventLoop] Dropped 1 events this frame (processed 1/2)
[EventLoop] Dropped 1 events this frame (processed 1/2)
[EventLoop] Dropped 1 events this frame (processed 1/2)
[Input] Button 'B5' pressed
[EventLoop] Dropped 1 events this frame (processed 1/2)
[Input] Button 'B5' released
[EventLoop] Dropped 1 events this frame (processed 1/2)
[Input] Button 'B5' pressed
[EventLoop] Dropped 1 events this frame (processed 1/2)
[VGA] VSync #120 (frame 2s)
[Input] Button 'B5' released
[EventLoop] Dropped 1 events this frame (processed 1/2)
[Input] Button 'B5' pressed
[EventLoop] Dropped 1 events this frame (processed 1/2)
[EventLoop] FPS: 60 | Events: 24 | Dropped: 24 | MaxEvents/Frame: 4 | MaxFrameTime: 3ms
[Input] Button 'B5' released
[EventLoop] Dropped 1 events this frame (processed 1/2)
[EventLoop] Dropped 1 events this frame (processed 1/2)
[EventLoop] Dropped 1 events this frame (processed 1/2)
[EventLoop] Dropped 1 events this frame (processed 1/2)
[EventLoop] Dropped 1 events this frame (processed 1/2)
[EventLoop] Dropped 1 events this frame (processed 1/2)
[EventLoop] Dropped 1 events this frame (processed 1/2)
[EventLoop] Dropped 1 events this frame (processed 1/2)
[EventLoop] Dropped 1 events this frame (processed 1/2)
[EventLoop] Dropped 1 events this frame (processed 1/2)
[EventLoop] Dropped 1 events this frame (processed 1/2)
[EventLoop] Dropped 2 events this frame (processed 1/3)
[EventLoop] Dropped 1 events this frame (processed 1/2)
[EventLoop] Dropped 3 events this frame (processed 1/4)
[EventLoop] Dropped 1 events this frame (processed 1/2)
[EventLoop] Dropped 1 events this frame (processed 1/2)
[EventLoop] Dropped 1 events this frame (processed 1/2)
[EventLoop] Dropped 1 events this frame (processed 1/2)
[Input] Button 'RESET' pressed
[EventLoop] Dropped 1 events this frame (processed 1/2)
[SimThread] Reset triggered
[Input] Button 'RESET' released
[EventLoop] Dropped 1 events this frame (processed 1/2)
[EventLoop] FPS: 61 | Events: 31 | Dropped: 23 | MaxEvents/Frame: 4 | MaxFrameTime: 2ms
[EventLoop] Dropped 1 events this frame (processed 1/2)
[EventLoop] Dropped 1 events this frame (processed 1/2)
[EventLoop] Dropped 1 events this frame (processed 1/2)
[EventLoop] Dropped 1 events this frame (processed 1/2)
[EventLoop] Dropped 1 events this frame (processed 1/2)
[EventLoop] Dropped 3 events this frame (processed 1/4)
[EventLoop] Dropped 1 events this frame (processed 1/2)
[EventLoop] Dropped 1 events this frame (processed 1/2)
[EventLoop] Dropped 1 events this frame (processed 1/2)
[EventLoop] Dropped 1 events this frame (processed 1/2)
[EventLoop] Dropped 1 events this frame (processed 1/2)
[EventLoop] Dropped 1 events this frame (processed 1/2)
[EventLoop] Dropped 1 events this frame (processed 1/2)
[EventLoop] Dropped 3 events this frame (processed 1/4)
[EventLoop] Dropped 1 events this frame (processed 1/2)
[EventLoop] Dropped 1 events this frame (processed 1/2)
[EventLoop] Dropped 1 events this frame (processed 1/2)
[EventLoop] Dropped 1 events this frame (processed 1/2)
[EventLoop] Dropped 1 events this frame (processed 1/2)
[EventLoop] Dropped 1 events this frame (processed 1/2)
[EventLoop] Dropped 1 events this frame (processed 1/2)
[EventLoop] Dropped 1 events this frame (processed 1/2)
[EventLoop] Dropped 1 events this frame (processed 1/2)
[EventLoop] Dropped 1 events this frame (processed 1/2)
[EventLoop] Dropped 1 events this frame (processed 1/2)
[EventLoop] Dropped 1 events this frame (processed 1/2)
[EventLoop] Dropped 2 events this frame (processed 1/3)
[EventLoop] Dropped 1 events this frame (processed 1/2)
[EventLoop] Dropped 1 events this frame (processed 1/2)
[EventLoop] Dropped 2 events this frame (processed 1/3)
[EventLoop] Dropped 1 events this frame (processed 1/2)
[EventLoop] Dropped 1 events this frame (processed 1/2)
[EventLoop] Dropped 1 events this frame (processed 1/2)
[EventLoop] Dropped 1 events this frame (processed 1/2)
[EventLoop] Dropped 1 events this frame (processed 1/2)
[EventLoop] Dropped 1 events this frame (processed 1/2)
[EventLoop] Dropped 1 events this frame (processed 1/2)
[EventLoop] Dropped 2 events this frame (processed 1/3)
[EventLoop] Dropped 1 events this frame (processed 1/2)
[EventLoop] Dropped 1 events this frame (processed 1/2)
[EventLoop] FPS: 61 | Events: 45 | Dropped: 47 | MaxEvents/Frame: 4 | MaxFrameTime: 3ms
[EventLoop] Dropped 2 events this frame (processed 1/3)
[EventLoop] Dropped 1 events this frame (processed 1/2)
[EventLoop] Dropped 1 events this frame (processed 1/2)
[EventLoop] Dropped 1 events this frame (processed 1/2)
[EventLoop] Dropped 1 events this frame (processed 1/2)
[EventLoop] Dropped 1 events this frame (processed 1/2)
[EventLoop] Dropped 1 events this frame (processed 1/2)
[EventLoop] Dropped 1 events this frame (processed 1/2)
[EventLoop] Dropped 1 events this frame (processed 1/2)
[EventLoop] Dropped 1 events this frame (processed 1/2)
[EventLoop] Dropped 2 events this frame (processed 1/3)
[EventLoop] Dropped 4 events this frame (processed 1/5)
[VGA] VSync #180 (frame 3s)
[EventLoop] Dropped 2 events this frame (processed 1/3)
[EventLoop] FPS: 61 | Events: 14 | Dropped: 19 | MaxEvents/Frame: 5 | MaxFrameTime: 3ms
[Input] Quit key pressed
[EventLoop] Dropped 1 events this frame (processed 1/2)

========== EventLoop Final Stats ==========
Total frames processed: 58
Total events processed: 3
Total events dropped:   1
Max events in one frame: 2
===========================================

========== Simulation Thread Stats ==========
Simulation duration: 9s
Total iterations:    86002329
Iterations/second:   9555814
Final time stamp:    344009356
=============================================
[SimThread] Simulation loop ended
----------------------------------------
✓ Simulation execution completed!

========== 2026-09-02 18:46:45.603789 ==========
Detected OS: Linux
Found SDL2: sdl2-config
SDL CFLAGS: -I/usr/include/SDL2 -D_REENTRANT
SDL LIBS: -lSDL2
Start simulation...
Include directories used: /mnt/d/GitHub/Simple-VGA-Simulator/gui/Example/Example_2_BallMove/RTL
---------------------------------
Step 0: Clean up previously generated files...
Remove obj_dir ...
✓ Sucessfully remove obj_dir
---------------------------------
Step 1: Run Verilator Compiler...

✓ Verilator compilation completed successfully!
---------------------------------
Step 2: Build the simulation executable...
make: Entering directory '/mnt/d/GitHub/Simple-VGA-Simulator/gui/Example/Example_2_BallMove/RTL/sim/obj_dir'
g++ -I/usr/include/SDL2 -D_REENTRANT -I.  -MMD -I/usr/share/verilator/include -I/usr/share/verilator/include/vltstd -DVM_COVERAGE=0 -DVM_SC=0 -DVM_TRACE=0 -faligned-new -fcf-protection=none -Wno-bool-operation -Wno-sign-compare -Wno-uninitialized -Wno-unused-but-set-variable -Wno-unused-parameter -Wno-unused-variable -Wno-shadow     -I/usr/include/SDL2 -D_REENTRANT  -Os -c -o simulator.o ../simulator.cpp
g++ -I/usr/include/SDL2 -D_REENTRANT -I.  -MMD -I/usr/share/verilator/include -I/usr/share/verilator/include/vltstd -DVM_COVERAGE=0 -DVM_SC=0 -DVM_TRACE=0 -faligned-new -fcf-protection=none -Wno-bool-operation -Wno-sign-compare -Wno-uninitialized -Wno-unused-but-set-variable -Wno-unused-parameter -Wno-unused-variable -Wno-shadow     -I/usr/include/SDL2 -D_REENTRANT  -Os -c -o verilated.o /usr/share/verilator/include/verilated.cpp
/usr/bin/perl /usr/share/verilator/bin/verilator_includer -DVL_INCLUDE_OPT=include VDevelopmentBoard.cpp VDevelopmentBoard__Slow.cpp VDevelopmentBoard__Syms.cpp > VDevelopmentBoard__ALL.cpp
g++ -I/usr/include/SDL2 -D_REENTRANT -I.  -MMD -I/usr/share/verilator/include -I/usr/share/verilator/include/vltstd -DVM_COVERAGE=0 -DVM_SC=0 -DVM_TRACE=0 -faligned-new -fcf-protection=none -Wno-bool-operation -Wno-sign-compare -Wno-uninitialized -Wno-unused-but-set-variable -Wno-unused-parameter -Wno-unused-variable -Wno-shadow     -I/usr/include/SDL2 -D_REENTRANT  -Os -c -o VDevelopmentBoard__ALL.o VDevelopmentBoard__ALL.cpp
ar -cr VDevelopmentBoard__ALL.a VDevelopmentBoard__ALL.o
ranlib VDevelopmentBoard__ALL.a
../simulator.cpp: In function ‘void render_sdl()’:
../simulator.cpp:305:34: warning: narrowing conversion of ‘(49 + i)’ from ‘int’ to ‘char’ [-Wnarrowing]
  305 |         char digit_str[2] = {'1' + i, '\0'};
      |                              ~~~~^~~
g++    simulator.o verilated.o VDevelopmentBoard__ALL.a   -lSDL2    -o VDevelopmentBoard
make: Leaving directory '/mnt/d/GitHub/Simple-VGA-Simulator/gui/Example/Example_2_BallMove/RTL/sim/obj_dir'
✓ Simulation executable file built successfully!
---------------------------------
Step 3: Start the simulation...
----------------------------------------
Window surface size: 800x850
[SimThread] Starting simulation loop...
[EventLoop] Dropped 2 events this frame (processed 1/3)
[EventLoop] Dropped 1 events this frame (processed 1/2)
[EventLoop] Dropped 2 events this frame (processed 1/3)
[EventLoop] FPS: 60 | Events: 5 | Dropped: 5 | MaxEvents/Frame: 3 | MaxFrameTime: 4ms
[EventLoop] Dropped 1 events this frame (processed 1/2)
[EventLoop] Dropped 1 events this frame (processed 1/2)
[EventLoop] Dropped 1 events this frame (processed 1/2)
[EventLoop] Dropped 1 events this frame (processed 1/2)
[EventLoop] Dropped 1 events this frame (processed 1/2)
[EventLoop] Dropped 1 events this frame (processed 1/2)
[EventLoop] Dropped 1 events this frame (processed 1/2)
[EventLoop] Dropped 1 events this frame (processed 1/2)
[EventLoop] Dropped 1 events this frame (processed 1/2)
[EventLoop] Dropped 1 events this frame (processed 1/2)
[EventLoop] Dropped 1 events this frame (processed 1/2)
[EventLoop] Dropped 1 events this frame (processed 1/2)
[EventLoop] Dropped 1 events this frame (processed 1/2)
[EventLoop] Dropped 1 events this frame (processed 1/2)
[EventLoop] Dropped 2 events this frame (processed 1/3)
[EventLoop] Dropped 3 events this frame (processed 1/4)
[EventLoop] Dropped 1 events this frame (processed 1/2)
[EventLoop] Dropped 1 events this frame (processed 1/2)
[EventLoop] Dropped 1 events this frame (processed 1/2)
[EventLoop] Dropped 1 events this frame (processed 1/2)
[EventLoop] Dropped 1 events this frame (processed 1/2)
[EventLoop] Dropped 1 events this frame (processed 1/2)
[EventLoop] Dropped 1 events this frame (processed 1/2)
[EventLoop] Dropped 1 events this frame (processed 1/2)
[EventLoop] Dropped 1 events this frame (processed 1/2)
[EventLoop] Dropped 1 events this frame (processed 1/2)
[EventLoop] Dropped 1 events this frame (processed 1/2)
[EventLoop] Dropped 1 events this frame (processed 1/2)
[EventLoop] Dropped 1 events this frame (processed 1/2)
[EventLoop] Dropped 1 events this frame (processed 1/2)
[EventLoop] Dropped 1 events this frame (processed 1/2)
[EventLoop] FPS: 60 | Events: 34 | Dropped: 34 | MaxEvents/Frame: 4 | MaxFrameTime: 3ms
[EventLoop] Dropped 1 events this frame (processed 1/2)
[Input] Button 'B2' pressed
[EventLoop] Dropped 1 events this frame (processed 1/2)
[Input] Button 'B2' released
[EventLoop] Dropped 1 events this frame (processed 1/2)
[VGA] VSync #60 (frame 1s)
[EventLoop] FPS: 60 | Events: 6 | Dropped: 3 | MaxEvents/Frame: 2 | MaxFrameTime: 3ms
[Input] Button 'B2' pressed
[EventLoop] Dropped 1 events this frame (processed 1/2)
[Input] Button 'B2' released
[EventLoop] Dropped 1 events this frame (processed 1/2)
[EventLoop] FPS: 60 | Events: 2 | Dropped: 2 | MaxEvents/Frame: 2 | MaxFrameTime: 2ms
[EventLoop] FPS: 60 | Events: 0 | Dropped: 0 | MaxEvents/Frame: 0 | MaxFrameTime: 2ms
[EventLoop] Dropped 1 events this frame (processed 1/2)
[EventLoop] Dropped 1 events this frame (processed 1/2)
[EventLoop] Dropped 1 events this frame (processed 1/2)
[EventLoop] Dropped 1 events this frame (processed 1/2)
[EventLoop] Dropped 1 events this frame (processed 1/2)
[EventLoop] Dropped 1 events this frame (processed 1/2)
[EventLoop] Dropped 1 events this frame (processed 1/2)
[EventLoop] Dropped 1 events this frame (processed 1/2)
[EventLoop] Dropped 1 events this frame (processed 1/2)
[EventLoop] Dropped 1 events this frame (processed 1/2)
[EventLoop] Dropped 1 events this frame (processed 1/2)
[EventLoop] Dropped 1 events this frame (processed 1/2)
[EventLoop] Dropped 1 events this frame (processed 1/2)
[EventLoop] Dropped 3 events this frame (processed 1/4)
[EventLoop] Dropped 1 events this frame (processed 1/2)
[EventLoop] Dropped 1 events this frame (processed 1/2)
[EventLoop] Dropped 1 events this frame (processed 1/2)
[EventLoop] Dropped 1 events this frame (processed 1/2)
[VGA] VSync #120 (frame 2s)
[EventLoop] Dropped 1 events this frame (processed 1/2)
[EventLoop] FPS: 61 | Events: 28 | Dropped: 21 | MaxEvents/Frame: 4 | MaxFrameTime: 2ms
[Input] Button 'B3' pressed
[EventLoop] Dropped 1 events this frame (processed 1/2)
[Input] Button 'B3' released
[EventLoop] Dropped 1 events this frame (processed 1/2)
[Input] Button 'B3' pressed
[EventLoop] Dropped 1 events this frame (processed 1/2)
[Input] Button 'B3' released
[EventLoop] Dropped 1 events this frame (processed 1/2)
[EventLoop] Dropped 1 events this frame (processed 1/2)
[Input] Button 'B3' pressed
[EventLoop] Dropped 1 events this frame (processed 1/2)
[EventLoop] Dropped 2 events this frame (processed 1/3)
[Input] Button 'B3' pressed
[EventLoop] Dropped 1 events this frame (processed 1/2)
[Input] Button 'B3' released
[EventLoop] Dropped 1 events this frame (processed 1/2)
[EventLoop] Dropped 1 events this frame (processed 1/2)
[EventLoop] Dropped 1 events this frame (processed 1/2)
[EventLoop] FPS: 60 | Events: 14 | Dropped: 12 | MaxEvents/Frame: 3 | MaxFrameTime: 3ms
[EventLoop] Dropped 2 events this frame (processed 1/3)
[EventLoop] Dropped 2 events this frame (processed 1/3)
[EventLoop] Dropped 1 events this frame (processed 1/2)
[Input] Button 'B4' pressed
[EventLoop] Dropped 1 events this frame (processed 1/2)
[Input] Button 'B4' released
[EventLoop] Dropped 1 events this frame (processed 1/2)
[Input] Button 'B4' pressed
[EventLoop] Dropped 1 events this frame (processed 1/2)
[Input] Button 'B4' released
[EventLoop] Dropped 1 events this frame (processed 1/2)
[EventLoop] Dropped 1 events this frame (processed 1/2)
[EventLoop] Dropped 1 events this frame (processed 1/2)
[EventLoop] Dropped 1 events this frame (processed 1/2)
[EventLoop] Dropped 1 events this frame (processed 1/2)
[EventLoop] Dropped 2 events this frame (processed 1/3)
[EventLoop] Dropped 1 events this frame (processed 1/2)
[EventLoop] Dropped 1 events this frame (processed 1/2)
[EventLoop] Dropped 1 events this frame (processed 1/2)
[EventLoop] Dropped 1 events this frame (processed 1/2)
[EventLoop] Dropped 1 events this frame (processed 1/2)
[EventLoop] Dropped 1 events this frame (processed 1/2)
[EventLoop] Dropped 1 events this frame (processed 1/2)
[EventLoop] Dropped 1 events this frame (processed 1/2)
[EventLoop] Dropped 1 events this frame (processed 1/2)
[EventLoop] Dropped 1 events this frame (processed 1/2)
[EventLoop] Dropped 1 events this frame (processed 1/2)
[EventLoop] Dropped 1 events this frame (processed 1/2)
[EventLoop] Dropped 1 events this frame (processed 1/2)
[EventLoop] Dropped 1 events this frame (processed 1/2)
[EventLoop] Dropped 1 events this frame (processed 1/2)
[EventLoop] Dropped 1 events this frame (processed 1/2)
[EventLoop] Dropped 1 events this frame (processed 1/2)
[EventLoop] Dropped
1 events this frame (processed 1/2)
[EventLoop] FPS: 60 | Events: 33 | Dropped: 33 | MaxEvents/Frame: 3 | MaxFrameTime: 3ms
[EventLoop] Dropped 1 events this frame (processed 1/2)
[Input] Button 'B5' pressed
[EventLoop] Dropped 1 events this frame (processed 1/2)
[EventLoop] Dropped 2 events this frame (processed 1/3)
[Input] Button 'B5' pressed
[EventLoop] Dropped 1 events this frame (processed 1/2)
[Input] Button 'B5' released
[EventLoop] Dropped 1 events this frame (processed 1/2)
[Input] Button 'B5' pressed
[EventLoop] Dropped 1 events this frame (processed 1/2)
[Input] Button 'B5' released
[EventLoop] Dropped 1 events this frame (processed 1/2)
[EventLoop] Dropped 1 events this frame (processed 1/2)
[EventLoop] Dropped 1 events this frame (processed 1/2)
[EventLoop] Dropped 1 events this frame (processed 1/2)
[EventLoop] Dropped 1 events this frame (processed 1/2)
[EventLoop] Dropped 1 events this frame (processed 1/2)
[EventLoop] Dropped 1 events this frame (processed 1/2)
[EventLoop] Dropped 1 events this frame (processed 1/2)
[EventLoop] Dropped 1 events this frame (processed 1/2)
[EventLoop] Dropped 2 events this frame (processed 1/3)
[EventLoop] Dropped 2 events this frame (processed 1/3)
[EventLoop] Dropped 1 events this frame (processed 1/2)
[EventLoop] Dropped 1 events this frame (processed 1/2)
[EventLoop] Dropped 1 events this frame (processed 1/2)
[EventLoop] Dropped 1 events this frame (processed 1/2)
[VGA] VSync #180 (frame 3s)
[EventLoop] Dropped 1 events this frame (processed 1/2)
[EventLoop] Dropped 1 events this frame (processed 1/2)
[EventLoop] Dropped 1 events this frame (processed 1/2)
[EventLoop] Dropped 1 events this frame (processed 1/2)
[EventLoop] Dropped 1 events this frame (processed 1/2)
[EventLoop] Dropped 1 events this frame (processed 1/2)
[EventLoop] Dropped 1 events this frame (processed 1/2)
[EventLoop] Dropped 1 events this frame (processed 1/2)
[EventLoop] Dropped 1 events this frame (processed 1/2)
[EventLoop] Dropped 1 events this frame (processed 1/2)
[EventLoop] FPS: 60 | Events: 34 | Dropped: 34 | MaxEvents/Frame: 3 | MaxFrameTime: 3ms
[EventLoop] Dropped 1 events this frame (processed 1/2)
[EventLoop] Dropped 1 events this frame (processed 1/2)
[EventLoop] Dropped 1 events this frame (processed 1/2)
[Input] Button 'RESET' pressed
[EventLoop] Dropped 1 events this frame (processed 1/2)
[SimThread] Reset triggered
[Input] Button 'RESET' released
[EventLoop] Dropped 1 events this frame (processed 1/2)
[EventLoop] Dropped 1 events this frame (processed 1/2)
[EventLoop] Dropped 1 events this frame (processed 1/2)
[EventLoop] Dropped 1 events this frame (processed 1/2)
[EventLoop] Dropped 1 events this frame (processed 1/2)
[EventLoop] Dropped 2 events this frame (processed 1/3)
[EventLoop] Dropped 1 events this frame (processed 1/2)
[EventLoop] Dropped 3 events this frame (processed 1/4)
[EventLoop] Dropped 1 events this frame (processed 1/2)
[EventLoop] Dropped 1 events this frame (processed 1/2)
[EventLoop] Dropped 1 events this frame (processed 1/2)
[EventLoop] Dropped 1 events this frame (processed 1/2)
[EventLoop] Dropped 1 events this frame (processed 1/2)
[EventLoop] Dropped 1 events this frame (processed 1/2)
[EventLoop] Dropped 1 events this frame (processed 1/2)
[EventLoop] Dropped 1 events this frame (processed 1/2)
[EventLoop] Dropped 1 events this frame (processed 1/2)
[EventLoop] Dropped 1 events this frame (processed 1/2)
[EventLoop] Dropped 2 events this frame (processed 1/3)
[EventLoop] Dropped 1 events this frame (processed 1/2)
[EventLoop] Dropped 1 events this frame (processed 1/2)
[EventLoop] Dropped 1 events this frame (processed 1/2)
[EventLoop] Dropped 1 events this frame (processed 1/2)
[EventLoop] Dropped 2 events this frame (processed 1/3)
[EventLoop] Dropped 1 events this frame (processed 1/2)
[EventLoop] Dropped 1 events this frame (processed 1/2)
[EventLoop] Dropped 1 events this frame (processed 1/2)
[EventLoop] Dropped 1 events this frame (processed 1/2)
[EventLoop] Dropped 1 events this frame (processed 1/2)
[EventLoop] Dropped 1 events this frame (processed 1/2)
[EventLoop] Dropped 1 events this frame (processed 1/2)
[EventLoop] Dropped 1 events this frame (processed 1/2)
[EventLoop] Dropped 1 events this frame (processed 1/2)
[EventLoop] Dropped 1 events this frame (processed 1/2)
[EventLoop] Dropped 1 events this frame (processed 1/2)
[EventLoop] Dropped 1 events this frame (processed 1/2)
[EventLoop] Dropped 1 events this frame (processed 1/2)
[EventLoop] Dropped 1 events this frame (processed 1/2)
[EventLoop] Dropped 1 events this frame (processed 1/2)
[EventLoop] Dropped 1 events this frame (processed 1/2)
[EventLoop] Dropped 1 events this frame (processed 1/2)
[EventLoop] FPS: 61 | Events: 47 | Dropped: 50 | MaxEvents/Frame: 4 | MaxFrameTime: 4ms
[EventLoop] Dropped 1 events this frame (processed 1/2)
[EventLoop] Dropped 2 events this frame (processed 1/3)
[EventLoop] Dropped 2 events this frame (processed 1/3)
[EventLoop] Dropped 3 events this frame (processed 1/4)
[EventLoop] Dropped 1 events this frame (processed 1/2)
[EventLoop] Dropped 1 events this frame (processed 1/2)
[EventLoop] Dropped 1 events this frame (processed 1/2)
[EventLoop] Dropped 1 events this frame (processed 1/2)
[EventLoop] Dropped 1 events this frame (processed 1/2)
[EventLoop] Dropped 1 events this frame (processed 1/2)
[EventLoop] Dropped 1 events this frame (processed 1/2)
[EventLoop] Dropped 1 events this frame (processed 1/2)
[EventLoop] Dropped 1 events this frame (processed 1/2)
[EventLoop] Dropped 3 events this frame (processed 1/4)
[EventLoop] Dropped 1 events this frame (processed 1/2)
[EventLoop] Dropped 1 events this frame (processed 1/2)
[EventLoop] Dropped 2 events this frame (processed 1/3)
[EventLoop] FPS: 60 | Events: 25 | Dropped: 24 | MaxEvents/Frame: 4 | MaxFrameTime: 3ms
[VGA] VSync #240 (frame 4s)
[EventLoop] Dropped 1 events this frame (processed 1/2)
[EventLoop] FPS: 61 | Events: 2 | Dropped: 1 | MaxEvents/Frame: 2 | MaxFrameTime: 2ms
[Input] Quit key pressed

========== EventLoop Final Stats ==========
Total frames processed: 10
Total events processed: 1
Total events dropped:   0
Max events in one frame: 1
===========================================

========== Simulation Thread Stats ==========
Simulation duration: 12s
Total iterations:    104382740
Iterations/second:   8698561
Final time stamp:    417531000
=============================================
[SimThread] Simulation loop ended
----------------------------------------
✓ Simulation execution completed!
